
> lms-backend@1.0.0 dev
> nodemon server.js

[33m[nodemon] 3.1.11[39m
[33m[nodemon] to restart at any time, enter `rs`[39m
[33m[nodemon] watching path(s): *.*[39m
[33m[nodemon] watching extensions: js,mjs,cjs,json[39m
[32m[nodemon] starting `node server.js`[39m
⚠️ Replace placeholder EMAIL_USER / EMAIL_PASS in backend/.env with a real Gmail App Password.
Google Drive assignment uploads are configured.

========================================
🔧 LMS BACKEND - Starting...
========================================

🚀 Server running on port 5000
✅ MongoDB connected
🔄 Running startup installment check...
🔄 Starting installment generation check...
✅ User Muhammad Amir has released certificate for Office Work (IT) - skipping
✅ User Amna Nargis has released certificate for Graphic Designer - skipping
✅ User Saiqa Yaseen has released certificate for Graphic Designer - skipping
✅ User Ahsaan-Ullah has released certificate for Video Editing - skipping
✅ User Muhammad Ali has released certificate for Office Work (IT) - skipping
✅ User Ahmad Hassan has released certificate for Office Work (IT) - skipping
✅ User Bisma Noor has released certificate for Office Work (IT) - skipping
✅ User Sami-Ullah has released certificate for Office Work (IT) - skipping
✅ User Syed Fyzan Gull has released certificate for Office Work (IT) - skipping
✅ User Muhammad Mudasir has released certificate for Office Work (IT) - skipping
✅ User Ali Ch has released certificate for Office Work (IT) - skipping
✅ User Ameer Hamza has released certificate for Office Work (IT) - skipping
✅ User Zia UR Rehman has released certificate for Office Work (IT) - skipping
✅ User Muhammad Shahbaz Habib has released certificate for Video Editing - skipping
✅ User Taimoor Saif has released certificate for Office Work (IT) - skipping
✅ User Aimen Irfan has released certificate for Web Development - skipping
✅ User Muhammad Amin has released certificate for Web Development - skipping
✅ User Umar Sajid has released certificate for Office Work (IT) - skipping
✅ User Sameer Qasim has released certificate for Office Work (IT) - skipping
✅ User Farhan Talib has released certificate for Office Work (IT) - skipping
✅ User Ayyaz Hussain has released certificate for Office Work (IT) - skipping
✅ User Zaighum Siddique has released certificate for Graphic Designer - skipping
✅ User Laiba Saleem has released certificate for Office Work (IT) - skipping
✅ User Aqsa Bibi has released certificate for Office Work (IT) - skipping
✅ User Farha Batool has released certificate for Graphic Designer - skipping
✅ User Arbab Ghafoor has released certificate for Graphic Designer - skipping
✅ User Aqsa Naseer has released certificate for Office Work (IT) - skipping
✅ User Talha Siyal has released certificate for Web Development - skipping
✅ User Armeeza Siyal has released certificate for Graphic Designer - skipping
✅ User Ashna Zahid has released certificate for Office Work (IT) - skipping
✅ User Kainat Mehmood has released certificate for Web Development - skipping
✅ User Ayesha Ishtiaq has released certificate for Web Development - skipping
✅ User M. Zubair Younis has released certificate for Graphic Designer - skipping
✅ User Anza Aleem has released certificate for Web Development - skipping
✅ User Muhammad Hashir has released certificate for Graphic Designer - skipping
✅ User Ahsan Abbas has released certificate for Home Architecture AutoCAD - skipping
✅ User Abdullah Shahid has released certificate for Graphic Designer - skipping
✅ User Hammad Sadiq has released certificate for Office Work (IT) - skipping
✅ User Hafiz Muhammad Ahmad Raza Khan has released certificate for Video Editing - skipping
⏸️ Enrollment for Abdul Hanan Hashmi Qureshi in Office Work (IT) (Online Class) is paused - skipping installment generation
✅ User Raqeeb Ullah has released certificate for Graphic Designer - skipping
✅ User Abdul Wahab has released certificate for Office Work (IT) - skipping
✅ User Salman Tariq has released certificate for Office Work (IT) - skipping
✅ User Ghulam Mustafa has released certificate for Web Development - skipping
✅ User Muhammad Mohsin has released certificate for Office Work (IT) - skipping
✅ User Muhammad Hymn Abdullah Bukhari has released certificate for Office Work (IT) - skipping
✅ User Muhammad Aneeb Bukhari has released certificate for Office Work (IT) - skipping
✅ User Kashif Khalid has released certificate for Graphic Designer (Online Class) - skipping
✅ User Zahra Baloch has released certificate for Web Development - skipping
✅ User Tooba Adrees has released certificate for Web Development (HTML+CSS+Java) - skipping
✅ User Muhammad Arham Khalid has released certificate for Office Work (IT) Documentation Management - skipping
✅ User Muhammad Mohsin has released certificate for Web Development (HTML+CSS+Java) - skipping
✅ User Hadia Sarwar has released certificate for Web Development (HTML+CSS+Java) - skipping
✅ User Adil Asif has released certificate for Web Development (HTML+CSS+Java) - skipping
⚠️ Skipping fee 6983148804a102554fc15bb7 - no course data
✅ User Moazzam Ali Zahid has released certificate for Web Development (HTML+CSS+Java) - skipping
✅ User Adil Asif has released certificate for App Development - skipping
✅ User Muntaha Fatima has released certificate for Social Media Manager - skipping
✅ User M.Ahsan has released certificate for Graphic Designer - skipping
✅ User Ali Raza has released certificate for Graphic Designer - skipping
✅ User Imran Patras has released certificate for Video Editing - skipping
✅ User Adnan Ahmad has released certificate for Video Editing (Online Class) - skipping
✅ User Umar Saleem has released certificate for Video Editing - skipping
✅ User Tooba Adrees has released certificate for Social Media Manager - skipping
✅ User Amna Bibi has released certificate for YouTube Manager + Video Editor - skipping
✅ User Amna Bibi has released certificate for HR Manager - skipping
✅ User Amna Bibi has released certificate for Graphic Designer - skipping
✅ User Hadia has released certificate for HR Manager - skipping
✅ User Hadia has released certificate for Graphic Designer - skipping
✅ User Muhammad Hamza Zakriya has released certificate for Web Development (HTML+CSS+Java) - skipping
✅ User Taimoor Saif has released certificate for Web Development - skipping
✅ User Abdullah Shahid has released certificate for Video Editing - skipping
✅ User Mustafa Faraz has released certificate for Video Editing - skipping
✅ User Muhammad Shahbaz has released certificate for Video Editing - skipping
✅ User Waqas Anwar Khan has released certificate for Office Work (IT) (Online Class) - skipping
⏸️ Enrollment for M Aman Khan in Office Work (IT) (Online Class) is paused - skipping installment generation
⏸️ Enrollment for Anees Khan in Digital Marketing, Ads (Online Class) is paused - skipping installment generation
✅ User Anees Khan has released certificate for Video Editing (Online Class) - skipping
✅ User Muqadas Zahrah has released certificate for HR Manager - skipping
✅ User Ghulam Muhammad Taqi Shah has released certificate for Internet of Things (IoT) - skipping
⏸️ Enrollment for Muhammad  Farhad in Office Work (IT) (Online Class) is paused - skipping installment generation
✅ User Homam sajjad has released certificate for Digital Marketing, Ads (Online Class) - skipping
⏸️ Enrollment for Gul Imtiaz Qureshi in E-Commerce (Online Class) is paused - skipping installment generation
⏸️ Enrollment for Abu Bakar in Basic Computer (IT) (Online Class) is paused - skipping installment generation
✅ User Hafiz Arif has released certificate for Basic Computer (IT) (Online Class) - skipping
⏸️ Enrollment for Abdul Hadi in Basic Computer (IT) (Online Class) is paused - skipping installment generation
⏸️ Enrollment for Muhammad Rizwan in Basic Computer (IT) (Online Class) is paused - skipping installment generation
✅ User Muhammad Furqan has released certificate for Basic Computer (IT) (Online Class) - skipping
✅ User Hashim Ali has released certificate for Web Development (Online Class) - skipping
✅ User Aftab Ahmad has released certificate for Web Development (HTML+CSS+Java) - skipping
⏸️ Enrollment for Sharyar in Graphic Designer (Online Class) is paused - skipping installment generation
✅ User Syed Ahmer Bukhari has released certificate for App Development - skipping
✅ User Muhammad Zulqarnain has released certificate for Internet of Things (IoT) - skipping
✅ User Furqan Ali has released certificate for Internet of Things (IoT) - skipping
✅ User Kashan Abid Magasi has released certificate for Artificial Intelligence and Machine Learning (AI & ML) - skipping
⏸️ Enrollment for AHTESHAM KHAN in Basic Computer (IT) (Online Class) is paused - skipping installment generation
✅ User Shayan israr has released certificate for Basic Computer (IT) (Online Class) - skipping
✅ User Muhammad Asjad has released certificate for Web Development (Online Class) - skipping
✅ User Muhammad Arslan has released certificate for Basic Computer (IT) (Online Class) - skipping
✅ User Hassan Ali has released certificate for E-Commerce (Online Class) - skipping
⏸️ Enrollment for M Abdullah in Basic Computer (IT) (Online Class) is paused - skipping installment generation
✅ User Rao Mehtab Ahmed has released certificate for App Development - skipping
⚠️ Skipping fee 6a348f67af9a0db166c5f694 - no course data
⚠️ Skipping fee 6a38e103664e534307a1c4bc - no course data
⚠️ Skipping fee 6a3e6d1a58f55b3ab4342a0a - no course data
✅ User Sharyar has released certificate for Graphic Designer - skipping
✅ User Noor Nawaz has released certificate for Basic Computer (IT) (Online Class) - skipping
✅ User Faizan Musa has released certificate for App Development - skipping
✅ User Manhal chuahdary has released certificate for YouTube Manager + Video Editor - skipping
✅ User Asma Iqbal has released certificate for WordPress + Elementor - skipping
✅ User Mehnaz Bibi has released certificate for Basic Computer (IT) (Online Class) - skipping
✅ User Mehwish BiBi has released certificate for Basic Computer (IT) (Online Class) - skipping
🎓 User Muhammad Talha Hussain certificate passoutDate abhi door hai - fee generation jaari rahegi (Web Development (HTML+CSS+Java))
⏸️ Enrollment for M Saeed khan in Video Editing (Online Class) is paused - skipping installment generation
✅ User Muqadas Zahrah has released certificate for Social media manager - skipping
⏸️ Enrollment for M Abdullah in Video Editing (Online Class) is paused - skipping installment generation
⏸️ Enrollment for Syed Adnan Adi in Video Editing is paused - skipping installment generation
⏸️ Enrollment for Sharyar in Web Development (Online Class) is paused - skipping installment generation
🎓 User Nosheen yousaf certificate passoutDate abhi door hai - fee generation jaari rahegi (UI / UX Designing)
🎓 User Yalmaz Khan certificate passoutDate abhi door hai - fee generation jaari rahegi (Office Work (IT) Documentation Management)
⏸️ Enrollment for Muneeza Abbas in Office Work (IT) Documentation Management is paused - skipping installment generation
⏸️ Enrollment for Muhammad Bilal in Graphic Designer is paused - skipping installment generation
✅ User Muhammad Amir has released certificate for Web Development (HTML+CSS+Java) - skipping
✨ Generated installment #2 for Muhammad Hassan Bashir - Web Development (HTML+CSS+Java) (PKR 100)
⚠️ Push notifications disabled: VAPID keys missing in environment
✨ Generated installment #2 for Muhammad Amir - Artificial Intelligence and Machine Learning (AI & ML) (PKR 100)
⚠️ Push notifications disabled: VAPID keys missing in environment
✅ Installment generation complete. Generated 2 new installments.
🔄 Updating enrollment active status...
📝 Updated 697fa635f525fb948dcac542 for course Tester for App software Website - isActive: false
📝 Updated 6a4379cd9345ccb27fbf094f for course Social Media Manager - isActive: false
📝 Updated 6a819949e7a31d7810490706 for course Graphic Designer - isActive: false
✅ Enrollment status update complete. Updated 3 enrollments.
🔌 New client connected
🔌 New client connected
🔌 New client connected
🔌 New client connected
🔌 New client connected
🔌 New client connected
🔐 Auth OK: Super Admin (admin) - GET /api/admin-work-tasks/counts
🔌 Client disconnected | Active: 0
🔌 Client disconnected | Active: 0
👤 User joined personal chat room: 6979f4a7fe559715b806b751 | Active: 1
👤 User joined personal chat room: 6979f4a7fe559715b806b751 | Active: 1
👤 User joined personal chat room: 6979f4a7fe559715b806b751 | Active: 1
🔐 Auth OK: Super Admin (admin) - GET /api/tasks/counts
🔌 New client connected
🔌 New client connected
🔐 Auth OK: Super Admin (admin) - GET /api/users/pending-counts
🔐 Auth OK: Super Admin (admin) - GET /api/chat/discussion/unread
🔐 Auth OK: Super Admin (admin) - GET /api/finance/projects
🔐 Auth OK: Super Admin (admin) - GET /api/chat/job/tasks
🔐 Auth OK: Super Admin (admin) - GET /api/stats/admin-dashboard?startDate=2026-10-01&endDate=2026-10-03
🔌 Client disconnected | Active: 1
🔌 Client disconnected | Active: 1
🔌 New client connected
🔌 New client connected
🔐 Auth OK: Super Admin (admin) - GET /api/chat/conversations
🔐 Auth OK: Super Admin (admin) - GET /api/auth/available-roles
🔐 Auth OK: Super Admin (admin) - GET /api/chat/unread
🔐 Auth OK: Super Admin (admin) - GET /api/auth/me
🔐 Auth OK: Super Admin (admin) - GET /api/attendance/student-holidays
🔐 Auth OK: Super Admin (admin) - GET /api/user-notifications
🔐 Auth OK: Super Admin (admin) - GET /api/user-notifications/unread-count
🔐 Auth OK: Super Admin (admin) - GET /api/stats/admin-dashboard?startDate=2026-10-01&endDate=2026-10-31
🔐 Auth OK: Super Admin (admin) - GET /api/admin-work-tasks/counts
🔐 Auth OK: Super Admin (admin) - GET /api/chat/job/tasks
🔐 Auth OK: Super Admin (admin) - GET /api/tasks/counts
🔐 Auth OK: Super Admin (admin) - GET /api/finance/projects
🔐 Auth OK: Super Admin (admin) - GET /api/chat/discussion/unread
🔐 Auth OK: Super Admin (admin) - GET /api/auth/available-roles
🔐 Auth OK: Super Admin (admin) - GET /api/auth/me
🔌 Client disconnected | Active: 1
🔌 Client disconnected | Active: 1
🔐 Auth OK: Super Admin (admin) - GET /api/attendance/student-holidays
🔐 Auth OK: Super Admin (admin) - GET /api/chat/unread
🔌 New client connected
🔌 New client connected
👤 User joined personal chat room: 6979f4a7fe559715b806b751 | Active: 1
👤 User joined personal chat room: 6979f4a7fe559715b806b751 | Active: 1
🔐 Auth OK: Super Admin (admin) - GET /api/user-notifications
🔐 Auth OK: Super Admin (admin) - GET /api/user-notifications/unread-count
🔐 Auth OK: Super Admin (admin) - GET /api/admin-work-tasks/counts
🔐 Auth OK: Super Admin (admin) - GET /api/chat/job/tasks
🔐 Auth OK: Super Admin (admin) - GET /api/tasks/counts
🔐 Auth OK: Super Admin (admin) - GET /api/finance/projects
🔐 Auth OK: Super Admin (admin) - GET /api/users/pending-counts
🔐 Auth OK: Super Admin (admin) - GET /api/auth/available-roles
🔐 Auth OK: Super Admin (admin) - GET /api/chat/discussion/unread
🔐 Auth OK: Super Admin (admin) - GET /api/admin-work-tasks/counts
🔐 Auth OK: Super Admin (admin) - GET /api/chat/job/tasks
🔐 Auth OK: Super Admin (admin) - GET /api/tasks/counts
🔐 Auth OK: Super Admin (admin) - GET /api/users/birthdays
🔐 Auth OK: Super Admin (admin) - GET /api/user-notifications/unread-count
🔐 Auth OK: Super Admin (admin) - GET /api/user-notifications
🔐 Auth OK: Super Admin (admin) - GET /api/finance/projects
🔐 Auth OK: Super Admin (admin) - GET /api/users/pending-counts
🔐 Auth OK: Super Admin (admin) - GET /api/users/birthdays
🔐 Auth OK: Super Admin (admin) - GET /api/users/birthdays
🔐 Auth OK: Super Admin (admin) - GET /api/stats/admin-dashboard?startDate=2026-10-01&endDate=2026-10-03
🔐 Auth OK: Super Admin (admin) - GET /api/chat/conversations
🔐 Auth OK: Super Admin (admin) - GET /api/chat/unread
🔐 Auth OK: Super Admin (admin) - GET /api/users/pending-counts
🔌 Client disconnected | Active: 1
🔌 Client disconnected | Active: 1
🔌 New client connected
🔌 New client connected
🔐 Auth OK: Super Admin (admin) - GET /api/admin-work-tasks/counts
🔐 Auth OK: Super Admin (admin) - GET /api/chat/job/tasks
🔐 Auth OK: Super Admin (admin) - GET /api/tasks/counts
🔐 Auth OK: Super Admin (admin) - GET /api/finance/projects
🔐 Auth OK: Super Admin (admin) - GET /api/users/pending-counts
🔐 Auth OK: Super Admin (admin) - GET /api/chat/unread
🔐 Auth OK: Super Admin (admin) - GET /api/stats/admin-dashboard?startDate=2026-10-01&endDate=2026-10-03
🔐 Auth OK: Super Admin (admin) - GET /api/users/pending-counts
🔐 Auth OK: Super Admin (admin) - GET /api/stats/admin-dashboard?startDate=2026-10-01&endDate=2026-10-03
🔌 Client disconnected | Active: 1
🔌 Client disconnected | Active: 1
🔌 New client connected
🔌 New client connected
👤 User joined personal chat room: 6979f4a7fe559715b806b751 | Active: 1
🔌 Client disconnected | Active: 1
🔌 Client disconnected | Active: 1
🔐 Auth OK: Super Admin (admin) - GET /api/auth/me
🔐 Auth OK: Super Admin (admin) - GET /api/chat/discussion/unread
🔐 Auth OK: Super Admin (admin) - GET /api/fees/pending
🔐 Auth OK: Super Admin (admin) - GET /api/enrollments/all
🔌 New client connected
🔌 New client connected
🔐 Auth OK: Super Admin (admin) - GET /api/admin-work-tasks/counts
🔐 Auth OK: Super Admin (admin) - GET /api/chat/job/tasks
🔐 Auth OK: Super Admin (admin) - GET /api/tasks/counts
🔌 Client disconnected | Active: 1
🔌 Client disconnected | Active: 1
🔌 New client connected
🔌 New client connected
👤 User joined personal chat room: 6979f4a7fe559715b806b751 | Active: 1
👤 User joined personal chat room: 6979f4a7fe559715b806b751 | Active: 1
🔐 Auth OK: Super Admin (admin) - GET /api/users/pending-counts
🔐 Auth OK: Super Admin (admin) - GET /api/finance/projects
🔐 Auth OK: Super Admin (admin) - GET /api/auth/available-roles
GET /pending: Returning 161 total fees for frontend filtering
🔐 Auth OK: Super Admin (admin) - GET /api/user-notifications
🔐 Auth OK: Super Admin (admin) - GET /api/user-notifications/unread-count
🔐 Auth OK: Super Admin (admin) - GET /api/chat/discussion/unread
🔐 Auth OK: Super Admin (admin) - GET /api/fees/pending
🔐 Auth OK: Super Admin (admin) - GET /api/stats/admin-dashboard?startDate=2026-10-01&endDate=2026-10-03
🔐 Auth OK: Super Admin (admin) - GET /api/users/pending-counts
🔐 Auth OK: Super Admin (admin) - GET /api/enrollments/all
GET /pending: Returning 161 total fees for frontend filtering
🔐 Auth OK: Super Admin (admin) - GET /api/stats/admin-dashboard?startDate=2026-10-01&endDate=2026-10-03
🔐 Auth OK: Super Admin (admin) - GET /api/stats/admin-dashboard?startDate=2026-10-01&endDate=2026-10-03
🔐 Auth OK: Super Admin (admin) - GET /api/stats/admin-dashboard?startDate=2026-10-01&endDate=2026-10-03
🔐 Auth OK: Super Admin (admin) - GET /api/stats/admin-dashboard?startDate=2026-10-01&endDate=2026-10-03
🔐 Auth OK: Super Admin (admin) - GET /api/stats/admin-dashboard?startDate=2026-10-01&endDate=2026-10-03
🔐 Auth OK: Super Admin (admin) - GET /api/stats/admin-dashboard?startDate=2026-10-01&endDate=2026-10-03
🔐 Auth OK: Super Admin (admin) - GET /api/stats/admin-dashboard?startDate=2026-10-01&endDate=2026-10-03
🔐 Auth OK: Super Admin (admin) - GET /api/stats/admin-dashboard?startDate=2026-10-01&endDate=2026-10-03
🔌 Client disconnected | Active: 1
🔌 Client disconnected | Active: 1
🔌 New client connected
🔌 New client connected
🔐 Auth OK: Super Admin (admin) - GET /api/admin-work-tasks/counts
🔐 Auth OK: Super Admin (admin) - GET /api/chat/job/tasks
🔐 Auth OK: Super Admin (admin) - GET /api/finance/projects
🔐 Auth OK: Super Admin (admin) - GET /api/tasks/counts
🔐 Auth OK: Super Admin (admin) - GET /api/users/pending-counts
🔌 Client disconnected | Active: 1
🔌 Client disconnected | Active: 1
🔌 New client connected
🔌 New client connected
🔐 Auth OK: Super Admin (admin) - GET /api/admin-work-tasks/counts
🔐 Auth OK: Super Admin (admin) - GET /api/chat/job/tasks
🔐 Auth OK: Super Admin (admin) - GET /api/tasks/counts
🔐 Auth OK: Super Admin (admin) - GET /api/finance/projects
🔐 Auth OK: Super Admin (admin) - GET /api/users/pending-counts
🔐 Auth OK: Super Admin (admin) - GET /api/chat/discussion/unread
🔐 Auth OK: Super Admin (admin) - GET /api/tasks/counts
🔐 Auth OK: Super Admin (admin) - GET /api/chat/job/tasks
🔐 Auth OK: Super Admin (admin) - GET /api/finance/projects
🔐 Auth OK: Super Admin (admin) - GET /api/chat/discussion/unread
🔐 Auth OK: Super Admin (admin) - GET /api/user-notifications
🔐 Auth OK: Super Admin (admin) - GET /api/user-notifications/unread-count
🔐 Auth OK: Super Admin (admin) - GET /api/tasks/counts
🔐 Auth OK: Super Admin (admin) - GET /api/chat/job/tasks
🔐 Auth OK: Super Admin (admin) - GET /api/users/pending-counts
🔐 Auth OK: Super Admin (admin) - GET /api/finance/projects
🔐 Auth OK: Super Admin (admin) - GET /api/chat/discussion/unread
🔐 Auth OK: Super Admin (admin) - GET /api/chat/job/tasks
🔐 Auth OK: Super Admin (admin) - GET /api/finance/projects
🔐 Auth OK: Super Admin (admin) - GET /api/tasks/counts
🔐 Auth OK: Super Admin (admin) - GET /api/chat/discussion/unread
🔐 Auth OK: Super Admin (admin) - GET /api/user-notifications
🔐 Auth OK: Super Admin (admin) - GET /api/user-notifications/unread-count
🔐 Auth OK: Super Admin (admin) - GET /api/finance/projects
🔐 Auth OK: Super Admin (admin) - GET /api/chat/job/tasks
🔐 Auth OK: Super Admin (admin) - GET /api/tasks/counts
🔐 Auth OK: Super Admin (admin) - GET /api/users/pending-counts
🔐 Auth OK: Super Admin (admin) - GET /api/chat/discussion/unread
🔐 Auth OK: Super Admin (admin) - GET /api/tasks/counts
🔐 Auth OK: Super Admin (admin) - GET /api/finance/projects
🔐 Auth OK: Super Admin (admin) - GET /api/chat/job/tasks
🔐 Auth OK: Super Admin (admin) - GET /api/user-notifications
🔐 Auth OK: Super Admin (admin) - GET /api/user-notifications/unread-count
🔐 Auth OK: Super Admin (admin) - GET /api/chat/discussion/unread
🔐 Auth OK: Super Admin (admin) - GET /api/finance/projects
🔐 Auth OK: Super Admin (admin) - GET /api/tasks/counts
🔐 Auth OK: Super Admin (admin) - GET /api/chat/job/tasks
🔐 Auth OK: Super Admin (admin) - GET /api/users/pending-counts
🔐 Auth OK: Super Admin (admin) - GET /api/chat/discussion/unread
